#### 目录介绍
- 01.实验代码
- 02.测试结果
- 03.得出结论
- 04.总结
- 05.局部变量为啥不会被回收




### 好消息
- 博客笔记大汇总【16年3月到至今】，包括Java基础及深入知识点，Android技术博客，Python学习笔记等等，还包括平时开发中遇到的bug汇总，当然也在工作之余收集了大量的面试题，长期更新维护并且修正，持续完善……开源的文件是markdown格式的！同时也开源了生活博客，从12年起，积累共计N篇[近100万字，陆续搬到网上]，转载请注明出处，谢谢！
- **链接地址：https://github.com/yangchong211/YCBlogs**
- 如果觉得好，可以star一下，谢谢！当然也欢迎提出建议，万事起于忽微，量变引起质变！



### 01.实验代码
- 代码如下所示
    ```
    public class GcTest {
        private static final int SIZE = 6 * 1024 * 1024;
        public static void localVarGc1() {
            byte[] b = new byte[SIZE];
            System.gc();
        }
        public static void localVarGc2() {
            byte[] b = new byte[SIZE];
            b = null;
            System.gc();
        }
        public static void localVarGc3() {
            {
                byte[] b = new byte[SIZE];
            }
            System.gc();
        }
        public static void localVarGc4() {
            {
                byte[] b = new byte[SIZE];
            }
            int c = 0;
            System.gc();
        }
        public static void localVarGc5() {
            localVarGc1();
            System.gc();
        }
        public static void main(String[] args) {
    //        localVarGc1();   // 没有GC
    //        localVarGc2();   // GC
    //        localVarGc3();   // 没有GC
    //        localVarGc4();   // GC
    //        localVarGc5();   // GC
        }
    }
    ```



### 02.测试结果
- 在main中分别执行localVarGc[1-5]方法，得到如下5次gc日志：
    ```
    [GC (Allocation Failure)  512K->374K(130560K), 0.0006220 secs]
    [GC (Allocation Failure)  886K->600K(130560K), 0.0011130 secs]
    [GC (Allocation Failure)  1112K->752K(130560K), 0.0006960 secs]
    [GC (Allocation Failure)  1264K->950K(131072K), 0.0015540 secs]
    [GC (System.gc())  7944K->7363K(131072K), 0.0008640 secs]
    [Full GC (System.gc())  7363K->7116K(131072K), 0.0085270 secs]
    [GC (Allocation Failure)  512K->390K(130560K), 0.0008690 secs]
    [GC (Allocation Failure)  902K->592K(130560K), 0.0008500 secs]
    [GC (Allocation Failure)  1104K->718K(130560K), 0.0007220 secs]
    [GC (Allocation Failure)  1230K->924K(131072K), 0.0012260 secs]
    [GC (System.gc())  7919K->7309K(131072K), 0.0018500 secs]
    [Full GC (System.gc())  7309K->975K(131072K), 0.0059300 secs]
    [GC (Allocation Failure)  512K->374K(130560K), 0.0007940 secs]
    [GC (Allocation Failure)  886K->598K(130560K), 0.0007240 secs]
    [GC (Allocation Failure)  1110K->718K(130560K), 0.0007680 secs]
    [GC (Allocation Failure)  1230K->916K(131072K), 0.0009900 secs]
    [GC (System.gc())  7887K->7340K(131072K), 0.0008910 secs]
    [Full GC (System.gc())  7340K->7116K(131072K), 0.0091600 secs]
    [GC (Allocation Failure)  512K->416K(130560K), 0.0007990 secs]
    [GC (Allocation Failure)  928K->584K(130560K), 0.0008580 secs]
    [GC (Allocation Failure)  1096K->728K(130560K), 0.0007360 secs]
    [GC (Allocation Failure)  1240K->910K(131072K), 0.0010150 secs]
    [GC (System.gc())  7883K->7339K(131072K), 0.0011770 secs]
    [Full GC (System.gc())  7339K->971K(131072K), 0.0069840 secs]
    [GC (Allocation Failure)  512K->406K(130560K), 0.0005700 secs]
    [GC (Allocation Failure)  918K->622K(130560K), 0.0011430 secs]
    [GC (Allocation Failure)  1134K->710K(130560K), 0.0015010 secs]
    [GC (Allocation Failure)  1222K->948K(131072K), 0.0020340 secs]
    [GC (System.gc())  7921K->7304K(131072K), 0.0013160 secs]
    [Full GC (System.gc())  7304K->7110K(131072K), 0.0091750 secs]
    [GC (System.gc())  7121K->7142K(131072K), 0.0002990 secs]
    [Full GC (System.gc())  7142K->966K(131072K), 0.0050000 secs]
    ```


### 03.得出结论
- gc日志中（加粗部分为System.gc触发的）可以得到如下结论：
    - 申请了一个6M大小的空间，赋值给b引用，然后调用gc函数，因为此时这个6M的空间还被b引用着，所以不能顺利gc；
    - 申请了一个6M大小的空间，赋值给b引用，然后将b重新赋值为null，此时这个6M的空间不再被b引用，所以可以顺利gc；
    - 申请了一个6M大小的空间，赋值给b引用，过了b的作用返回之后调用gc函数，但是因为此时b并没有被销毁，还存在于栈帧中，这个空间也还被b引用，所以不能顺利gc；
    - 申请了一个6M大小的空间，赋值给b引用，过了b的作用返回之后重新创建一个变量c，此时这个新的变量会复用已经失效的b变量的槽位，所以b被迫销毁了，所以6M的空间没有被任何变量引用，于是能够顺利gc；
    - 首先调用localVarGc1()，很显然不能顺利gc，函数调用结束之后再调用gc函数，此时因为localVarGc1这个函数的栈帧已经随着函数调用的结束而被销毁，b也就被销毁了，所以6M大小的空间不被任何对象引用，于是能够顺利gc。


### 04.总结
- 局部变量表中的变量是很重要的垃圾回收根节点，被局部变量表中变量直接或者间接引用的对象都不会被回收。



### 05.局部变量为啥不会被回收
- 局部变量表位于方法栈帧中，方法结束时栈帧被回收，其中的所有内容包括局部变量表不再有效。既然是局部变量产生对象，离开这个方法后，这个变量就不存在了，那么他所产生的对象也应该被回收。 



### 其他介绍
#### 01.关于博客汇总链接
- 1.[技术博客汇总](https://www.jianshu.com/p/614cb839182c)
- 2.[开源项目汇总](https://blog.csdn.net/m0_37700275/article/details/80863574)
- 3.[生活博客汇总](https://blog.csdn.net/m0_37700275/article/details/79832978)
- 4.[喜马拉雅音频汇总](https://www.jianshu.com/p/f665de16d1eb)
- 5.[其他汇总](https://www.jianshu.com/p/53017c3fc75d)



#### 02.关于我的博客
- github：https://github.com/yangchong211
- 知乎：https://www.zhihu.com/people/yczbj/activities
- 简书：http://www.jianshu.com/u/b7b2c6ed9284
- csdn：http://my.csdn.net/m0_37700275
- 喜马拉雅听书：http://www.ximalaya.com/zhubo/71989305/
- 开源中国：https://my.oschina.net/zbj1618/blog
- 泡在网上的日子：http://www.jcodecraeer.com/member/content_list.php?channelid=1
- 邮箱：yangchong211@163.com
- 阿里云博客：https://yq.aliyun.com/users/article?spm=5176.100- 239.headeruserinfo.3.dT4bcV
- segmentfault头条：https://segmentfault.com/u/xiangjianyu/articles
- 掘金：https://juejin.im/user/5939433efe88c2006afa0c6e





